<html>
<body>
<pre>
<h1>µVision Build Log</h1>
<h2>Tool Versions:</h2>
IDE-Version: µVision V5.25.2.0
Copyright (C) 2018 ARM Ltd and ARM Germany GmbH. All rights reserved.
License Information: a b, c, LIC=Q7GSB-2QABG-PGE7L-0DHI2-KLD2Z-F3CWJ
 
Tool Versions:
Toolchain:       MDK-ARM Professional  Version: 5.25.2.0
Toolchain Path:  d:\Keil_v5\ARM\ARMCC\Bin
C Compiler:      Armcc.exe V5.06 update 6 (build 750)
Assembler:       Armasm.exe V5.06 update 6 (build 750)
Linker/Locator:  ArmLink.exe V5.06 update 6 (build 750)
Library Manager: ArmAr.exe V5.06 update 6 (build 750)
Hex Converter:   FromElf.exe V5.06 update 6 (build 750)
CPU DLL:         SARMCM3.DLL V5.25.2.0
Dialog DLL:      DCM.DLL V1.17.1.0
Target DLL:      STLink\ST-LINKIII-KEIL_SWO.dll V3.0.1.0
Dialog DLL:      TCM.DLL V1.35.1.0
 
<h2>Project:</h2>
D:\RMB Holland bv\Products\Reed machines\Software\Tip-profiler-V2\MDK-ARM\80352105.uvprojx
Project File Date:  09/30/2021

<h2>Output:</h2>
*** Using Compiler 'V5.06 update 6 (build 750)', folder: 'd:\Keil_v5\ARM\ARMCC\Bin'
Build target '80352105'
compiling main.c...
compiling ssd1306.c...
..\Core\Src\ssd1306.c(38): warning:  #815-D: type qualifier on return type is meaningless
  static const uint16_t width(void)  { return SSD1306_WIDTH; };
..\Core\Src\ssd1306.c(39): warning:  #815-D: type qualifier on return type is meaningless
  static const uint16_t height(void)  { return SSD1306_HEIGHT; };
..\Core\Src\ssd1306.c(738): warning:  #188-D: enumerated type mixed with another type
          ssd1306_DrawPixel(SSD1306.CurrentX + j, SSD1306.CurrentY + i, !color);
..\Core\Src\ssd1306.c(867): warning:  #177-D: variable "status"  was declared but never referenced
    uint8_t status = 0;
..\Core\Src\ssd1306.c(1060): warning:  #167-D: argument of type "volatile uint8_t *" is incompatible with parameter of type "uint8_t *"
      HAL_I2C_Mem_Write_DMA(&SSD1306_I2C_PORT, SSD1306_I2C_ADDR, 0x00, 1, &i2c_command, 1);
..\Core\Src\ssd1306.c(1073): warning:  #167-D: argument of type "volatile uint8_t *" is incompatible with parameter of type "uint8_t *"
      HAL_I2C_Mem_Write_DMA(&SSD1306_I2C_PORT, SSD1306_I2C_ADDR, 0x00, 1, &i2c_command, 1);
..\Core\Src\ssd1306.c(1113): warning:  #167-D: argument of type "volatile uint8_t *" is incompatible with parameter of type "uint8_t *"
            HAL_I2C_Mem_Write_DMA(&SSD1306_I2C_PORT, SSD1306_I2C_ADDR, 0x00, 1, &i2c_command, 1);
..\Core\Src\ssd1306.c(1137): warning:  #167-D: argument of type "volatile uint8_t *" is incompatible with parameter of type "uint8_t *"
            HAL_I2C_Mem_Write_DMA(&SSD1306_I2C_PORT, SSD1306_I2C_ADDR, 0x00, 1, &i2c_command, 1);
..\Core\Src\ssd1306.c(480): warning:  #177-D: function "ssd1306_DegToRad"  was declared but never referenced
  static float ssd1306_DegToRad(float par_deg)
..\Core\Src\ssd1306.c(486): warning:  #177-D: function "ssd1306_NormalizeTo0_360"  was declared but never referenced
  static uint16_t ssd1306_NormalizeTo0_360(uint16_t par_deg)
..\Core\Src\ssd1306.c: 10 warnings, 0 errors
compiling work.c...
compiling userinterface.c...
linking...
Program Size: Code=29644 RO-data=6096 RW-data=2360 ZI-data=4904  
FromELF: creating hex file...
"80352105\80352105.axf" - 0 Error(s), 10 Warning(s).

<h2>Software Packages used:</h2>

Package Vendor: ARM
                http://www.keil.com/pack/ARM.CMSIS.5.5.1.pack
                ARM.CMSIS.5.5.1
                CMSIS (Cortex Microcontroller Software Interface Standard)
   * Component: CORE Version: 5.2.0

Package Vendor: Keil
                http://www.keil.com/pack/Keil.STM32F1xx_DFP.2.3.0.pack
                Keil.STM32F1xx_DFP.2.3.0
                STMicroelectronics STM32F1 Series Device Support, Drivers and Examples

<h2>Collection of Component include folders:</h2>
  .\RTE\_80352105
  d:\Keil_v5\ARM\PACK\ARM\CMSIS\5.5.1\CMSIS\Core\Include
  d:\Keil_v5\ARM\PACK\Keil\STM32F1xx_DFP\2.3.0\Device\Include

<h2>Collection of Component Files used:</h2>

   * Component: ARM::CMSIS:CORE:5.2.0
Build Time Elapsed:  00:00:03
</pre>
</body>
</html>
